Donc $u=\mathcal 1$ et $v=\mathcal 0$ : $u\lor v = ?$